Archive member included to satisfy reference by file (symbol)

e:/installedsoftware/cubeide/stm32cubeide_1.10.1/stm32cubeide/plugins/com.st.stm32cube.ide.mcu.externaltools.gnu-tools-for-stm32.10.3-2021.10.win32_1.0.0.202111181127/tools/bin/../lib/gcc/arm-none-eabi/10.3.1/../../../../arm-none-eabi/lib/thumb/v7-m/nofp\libc_nano.a(lib_a-errno.o)
                              ./Core/Src/syscalls.o (__errno)
e:/installedsoftware/cubeide/stm32cubeide_1.10.1/stm32cubeide/plugins/com.st.stm32cube.ide.mcu.externaltools.gnu-tools-for-stm32.10.3-2021.10.win32_1.0.0.202111181127/tools/bin/../lib/gcc/arm-none-eabi/10.3.1/../../../../arm-none-eabi/lib/thumb/v7-m/nofp\libc_nano.a(lib_a-exit.o)
                              e:/installedsoftware/cubeide/stm32cubeide_1.10.1/stm32cubeide/plugins/com.st.stm32cube.ide.mcu.externaltools.gnu-tools-for-stm32.10.3-2021.10.win32_1.0.0.202111181127/tools/bin/../lib/gcc/arm-none-eabi/10.3.1/../../../../arm-none-eabi/lib/thumb/v7-m/nofp/crt0.o (exit)
e:/installedsoftware/cubeide/stm32cubeide_1.10.1/stm32cubeide/plugins/com.st.stm32cube.ide.mcu.externaltools.gnu-tools-for-stm32.10.3-2021.10.win32_1.0.0.202111181127/tools/bin/../lib/gcc/arm-none-eabi/10.3.1/../../../../arm-none-eabi/lib/thumb/v7-m/nofp\libc_nano.a(lib_a-impure.o)
                              e:/installedsoftware/cubeide/stm32cubeide_1.10.1/stm32cubeide/plugins/com.st.stm32cube.ide.mcu.externaltools.gnu-tools-for-stm32.10.3-2021.10.win32_1.0.0.202111181127/tools/bin/../lib/gcc/arm-none-eabi/10.3.1/../../../../arm-none-eabi/lib/thumb/v7-m/nofp\libc_nano.a(lib_a-exit.o) (_global_impure_ptr)
e:/installedsoftware/cubeide/stm32cubeide_1.10.1/stm32cubeide/plugins/com.st.stm32cube.ide.mcu.externaltools.gnu-tools-for-stm32.10.3-2021.10.win32_1.0.0.202111181127/tools/bin/../lib/gcc/arm-none-eabi/10.3.1/../../../../arm-none-eabi/lib/thumb/v7-m/nofp\libc_nano.a(lib_a-init.o)
                              e:/installedsoftware/cubeide/stm32cubeide_1.10.1/stm32cubeide/plugins/com.st.stm32cube.ide.mcu.externaltools.gnu-tools-for-stm32.10.3-2021.10.win32_1.0.0.202111181127/tools/bin/../lib/gcc/arm-none-eabi/10.3.1/../../../../arm-none-eabi/lib/thumb/v7-m/nofp/crt0.o (__libc_init_array)
e:/installedsoftware/cubeide/stm32cubeide_1.10.1/stm32cubeide/plugins/com.st.stm32cube.ide.mcu.externaltools.gnu-tools-for-stm32.10.3-2021.10.win32_1.0.0.202111181127/tools/bin/../lib/gcc/arm-none-eabi/10.3.1/../../../../arm-none-eabi/lib/thumb/v7-m/nofp\libc_nano.a(lib_a-memset.o)
                              e:/installedsoftware/cubeide/stm32cubeide_1.10.1/stm32cubeide/plugins/com.st.stm32cube.ide.mcu.externaltools.gnu-tools-for-stm32.10.3-2021.10.win32_1.0.0.202111181127/tools/bin/../lib/gcc/arm-none-eabi/10.3.1/../../../../arm-none-eabi/lib/thumb/v7-m/nofp/crt0.o (memset)
e:/installedsoftware/cubeide/stm32cubeide_1.10.1/stm32cubeide/plugins/com.st.stm32cube.ide.mcu.externaltools.gnu-tools-for-stm32.10.3-2021.10.win32_1.0.0.202111181127/tools/bin/../lib/gcc/arm-none-eabi/10.3.1/thumb/v7-m/nofp\libgcc.a(_arm_muldf3.o)
                              ./Core/Src/main.o (__aeabi_dmul)
e:/installedsoftware/cubeide/stm32cubeide_1.10.1/stm32cubeide/plugins/com.st.stm32cube.ide.mcu.externaltools.gnu-tools-for-stm32.10.3-2021.10.win32_1.0.0.202111181127/tools/bin/../lib/gcc/arm-none-eabi/10.3.1/thumb/v7-m/nofp\libgcc.a(_arm_addsubdf3.o)
                              ./Core/Src/main.o (__aeabi_dsub)
e:/installedsoftware/cubeide/stm32cubeide_1.10.1/stm32cubeide/plugins/com.st.stm32cube.ide.mcu.externaltools.gnu-tools-for-stm32.10.3-2021.10.win32_1.0.0.202111181127/tools/bin/../lib/gcc/arm-none-eabi/10.3.1/thumb/v7-m/nofp\libgcc.a(_arm_muldivdf3.o)
                              ./Core/Src/main.o (__aeabi_ddiv)
e:/installedsoftware/cubeide/stm32cubeide_1.10.1/stm32cubeide/plugins/com.st.stm32cube.ide.mcu.externaltools.gnu-tools-for-stm32.10.3-2021.10.win32_1.0.0.202111181127/tools/bin/../lib/gcc/arm-none-eabi/10.3.1/thumb/v7-m/nofp\libgcc.a(_arm_cmpdf2.o)
                              ./Core/Src/main.o (__aeabi_dcmplt)
e:/installedsoftware/cubeide/stm32cubeide_1.10.1/stm32cubeide/plugins/com.st.stm32cube.ide.mcu.externaltools.gnu-tools-for-stm32.10.3-2021.10.win32_1.0.0.202111181127/tools/bin/../lib/gcc/arm-none-eabi/10.3.1/thumb/v7-m/nofp\libgcc.a(_arm_fixunsdfsi.o)
                              ./Core/Src/main.o (__aeabi_d2uiz)

Discarded input sections

 .text          0x0000000000000000        0x0 e:/installedsoftware/cubeide/stm32cubeide_1.10.1/stm32cubeide/plugins/com.st.stm32cube.ide.mcu.externaltools.gnu-tools-for-stm32.10.3-2021.10.win32_1.0.0.202111181127/tools/bin/../lib/gcc/arm-none-eabi/10.3.1/thumb/v7-m/nofp/crti.o
 .data          0x0000000000000000        0x0 e:/installedsoftware/cubeide/stm32cubeide_1.10.1/stm32cubeide/plugins/com.st.stm32cube.ide.mcu.externaltools.gnu-tools-for-stm32.10.3-2021.10.win32_1.0.0.202111181127/tools/bin/../lib/gcc/arm-none-eabi/10.3.1/thumb/v7-m/nofp/crti.o
[...]
Memory Configuration

Name             Origin             Length             Attributes
RAM              0x0000000020000000 0x0000000000005000 xrw
FLASH            0x0000000008000000 0x0000000000020000 xr
*default*        0x0000000000000000 0xffffffffffffffff

Linker script and memory map

LOAD e:/installedsoftware/cubeide/stm32cubeide_1.10.1/stm32cubeide/plugins/com.st.stm32cube.ide.mcu.externaltools.gnu-tools-for-stm32.10.3-2021.10.win32_1.0.0.202111181127/tools/bin/../lib/gcc/arm-none-eabi/10.3.1/thumb/v7-m/nofp/crti.o
LOAD e:/installedsoftware/cubeide/stm32cubeide_1.10.1/stm32cubeide/plugins/com.st.stm32cube.ide.mcu.externaltools.gnu-tools-for-stm32.10.3-2021.10.win32_1.0.0.202111181127/tools/bin/../lib/gcc/arm-none-eabi/10.3.1/thumb/v7-m/nofp/crtbegin.o
LOAD e:/installedsoftware/cubeide/stm32cubeide_1.10.1/stm32cubeide/plugins/com.st.stm32cube.ide.mcu.externaltools.gnu-tools-for-stm32.10.3-2021.10.win32_1.0.0.202111181127/tools/bin/../lib/gcc/arm-none-eabi/10.3.1/../../../../arm-none-eabi/lib/thumb/v7-m/nofp/crt0.o
LOAD ./Core/Src/main.o
LOAD ./Core/Src/stm32f1xx_hal_msp.o
LOAD ./Core/Src/stm32f1xx_it.o
LOAD ./Core/Src/syscalls.o
LOAD ./Core/Src/sysmem.o
LOAD ./Core/Src/system_stm32f1xx.o
LOAD ./Core/Startup/startup_stm32f103cbux.o
LOAD ./Drivers/STM32F1xx_HAL_Driver/Src/stm32f1xx_hal.o
LOAD ./Drivers/STM32F1xx_HAL_Driver/Src/stm32f1xx_hal_adc.o
LOAD ./Drivers/STM32F1xx_HAL_Driver/Src/stm32f1xx_hal_adc_ex.o
LOAD ./Drivers/STM32F1xx_HAL_Driver/Src/stm32f1xx_hal_cortex.o
LOAD ./Drivers/STM32F1xx_HAL_Driver/Src/stm32f1xx_hal_dma.o
LOAD ./Drivers/STM32F1xx_HAL_Driver/Src/stm32f1xx_hal_exti.o
LOAD ./Drivers/STM32F1xx_HAL_Driver/Src/stm32f1xx_hal_flash.o
LOAD ./Drivers/STM32F1xx_HAL_Driver/Src/stm32f1xx_hal_flash_ex.o
LOAD ./Drivers/STM32F1xx_HAL_Driver/Src/stm32f1xx_hal_gpio.o
LOAD ./Drivers/STM32F1xx_HAL_Driver/Src/stm32f1xx_hal_gpio_ex.o
LOAD ./Drivers/STM32F1xx_HAL_Driver/Src/stm32f1xx_hal_pwr.o
LOAD ./Drivers/STM32F1xx_HAL_Driver/Src/stm32f1xx_hal_rcc.o
LOAD ./Drivers/STM32F1xx_HAL_Driver/Src/stm32f1xx_hal_rcc_ex.o
LOAD ./Drivers/STM32F1xx_HAL_Driver/Src/stm32f1xx_hal_spi.o
LOAD ./Drivers/STM32F1xx_HAL_Driver/Src/stm32f1xx_hal_tim.o
LOAD ./Drivers/STM32F1xx_HAL_Driver/Src/stm32f1xx_hal_tim_ex.o
START GROUP
LOAD e:/installedsoftware/cubeide/stm32cubeide_1.10.1/stm32cubeide/plugins/com.st.stm32cube.ide.mcu.externaltools.gnu-tools-for-stm32.10.3-2021.10.win32_1.0.0.202111181127/tools/bin/../lib/gcc/arm-none-eabi/10.3.1/../../../../arm-none-eabi/lib/thumb/v7-m/nofp\libc_nano.a
LOAD e:/installedsoftware/cubeide/stm32cubeide_1.10.1/stm32cubeide/plugins/com.st.stm32cube.ide.mcu.externaltools.gnu-tools-for-stm32.10.3-2021.10.win32_1.0.0.202111181127/tools/bin/../lib/gcc/arm-none-eabi/10.3.1/../../../../arm-none-eabi/lib/thumb/v7-m/nofp\libm.a
END GROUP
START GROUP
LOAD e:/installedsoftware/cubeide/stm32cubeide_1.10.1/stm32cubeide/plugins/com.st.stm32cube.ide.mcu.externaltools.gnu-tools-for-stm32.10.3-2021.10.win32_1.0.0.202111181127/tools/bin/../lib/gcc/arm-none-eabi/10.3.1/thumb/v7-m/nofp\libgcc.a
LOAD e:/installedsoftware/cubeide/stm32cubeide_1.10.1/stm32cubeide/plugins/com.st.stm32cube.ide.mcu.externaltools.gnu-tools-for-stm32.10.3-2021.10.win32_1.0.0.202111181127/tools/bin/../lib/gcc/arm-none-eabi/10.3.1/../../../../arm-none-eabi/lib/thumb/v7-m/nofp\libc_nano.a
END GROUP
START GROUP
LOAD e:/installedsoftware/cubeide/stm32cubeide_1.10.1/stm32cubeide/plugins/com.st.stm32cube.ide.mcu.externaltools.gnu-tools-for-stm32.10.3-2021.10.win32_1.0.0.202111181127/tools/bin/../lib/gcc/arm-none-eabi/10.3.1/thumb/v7-m/nofp\libgcc.a
LOAD e:/installedsoftware/cubeide/stm32cubeide_1.10.1/stm32cubeide/plugins/com.st.stm32cube.ide.mcu.externaltools.gnu-tools-for-stm32.10.3-2021.10.win32_1.0.0.202111181127/tools/bin/../lib/gcc/arm-none-eabi/10.3.1/../../../../arm-none-eabi/lib/thumb/v7-m/nofp\libc_nano.a
LOAD e:/installedsoftware/cubeide/stm32cubeide_1.10.1/stm32cubeide/plugins/com.st.stm32cube.ide.mcu.externaltools.gnu-tools-for-stm32.10.3-2021.10.win32_1.0.0.202111181127/tools/bin/../lib/gcc/arm-none-eabi/10.3.1/../../../../arm-none-eabi/lib/thumb/v7-m/nofp\libnosys.a
END GROUP
START GROUP
LOAD e:/installedsoftware/cubeide/stm32cubeide_1.10.1/stm32cubeide/plugins/com.st.stm32cube.ide.mcu.externaltools.gnu-tools-for-stm32.10.3-2021.10.win32_1.0.0.202111181127/tools/bin/../lib/gcc/arm-none-eabi/10.3.1/thumb/v7-m/nofp\libgcc.a
LOAD e:/installedsoftware/cubeide/stm32cubeide_1.10.1/stm32cubeide/plugins/com.st.stm32cube.ide.mcu.externaltools.gnu-tools-for-stm32.10.3-2021.10.win32_1.0.0.202111181127/tools/bin/../lib/gcc/arm-none-eabi/10.3.1/../../../../arm-none-eabi/lib/thumb/v7-m/nofp\libc_nano.a
LOAD e:/installedsoftware/cubeide/stm32cubeide_1.10.1/stm32cubeide/plugins/com.st.stm32cube.ide.mcu.externaltools.gnu-tools-for-stm32.10.3-2021.10.win32_1.0.0.202111181127/tools/bin/../lib/gcc/arm-none-eabi/10.3.1/../../../../arm-none-eabi/lib/thumb/v7-m/nofp\libnosys.a
END GROUP
LOAD e:/installedsoftware/cubeide/stm32cubeide_1.10.1/stm32cubeide/plugins/com.st.stm32cube.ide.mcu.externaltools.gnu-tools-for-stm32.10.3-2021.10.win32_1.0.0.202111181127/tools/bin/../lib/gcc/arm-none-eabi/10.3.1/thumb/v7-m/nofp/crtend.o
LOAD e:/installedsoftware/cubeide/stm32cubeide_1.10.1/stm32cubeide/plugins/com.st.stm32cube.ide.mcu.externaltools.gnu-tools-for-stm32.10.3-2021.10.win32_1.0.0.202111181127/tools/bin/../lib/gcc/arm-none-eabi/10.3.1/thumb/v7-m/nofp/crtn.o
                0x0000000020005000                _estack = (ORIGIN (RAM) + LENGTH (RAM))
                0x0000000000000200                _Min_Heap_Size = 0x200
                0x0000000000000400                _Min_Stack_Size = 0x400

.isr_vector     0x0000000008000000      0x10c
                0x0000000008000000                . = ALIGN (0x4)
 *(.isr_vector)
 .isr_vector    0x0000000008000000      0x10c ./Core/Startup/startup_stm32f103cbux.o
                0x0000000008000000                g_pfnVectors
                0x000000000800010c                . = ALIGN (0x4)

.text           0x0000000008000110     0x35e4
                0x0000000008000110                . = ALIGN (0x4)
 *(.text)
 .text          0x0000000008000110       0x40 e:/installedsoftware/cubeide/stm32cubeide_1.10.1/stm32cubeide/plugins/com.st.stm32cube.ide.mcu.externaltools.gnu-tools-for-stm32.10.3-2021.10.win32_1.0.0.202111181127/tools/bin/../lib/gcc/arm-none-eabi/10.3.1/thumb/v7-m/nofp/crtbegin.o
 .text          0x0000000008000150      0x378 e:/installedsoftware/cubeide/stm32cubeide_1.10.1/stm32cubeide/plugins/com.st.stm32cube.ide.mcu.externaltools.gnu-tools-for-stm32.10.3-2021.10.win32_1.0.0.202111181127/tools/bin/../lib/gcc/arm-none-eabi/10.3.1/thumb/v7-m/nofp\libgcc.a(_arm_addsubdf3.o)
                0x0000000008000150                __aeabi_drsub
                0x0000000008000158                __aeabi_dsub
                0x0000000008000158                __subdf3
                0x000000000800015c                __aeabi_dadd
                0x000000000800015c                __adddf3
                0x00000000080003d4                __floatunsidf
                0x00000000080003d4                __aeabi_ui2d
                0x00000000080003f4                __floatsidf
                0x00000000080003f4                __aeabi_i2d
                0x0000000008000418                __aeabi_f2d
                0x0000000008000418                __extendsfdf2
                0x000000000800045c                __floatundidf
                0x000000000800045c                __aeabi_ul2d
                0x000000000800046c                __floatdidf
                0x000000000800046c                __aeabi_l2d
 .text          0x00000000080004c8      0x424 e:/installedsoftware/cubeide/stm32cubeide_1.10.1/stm32cubeide/plugins/com.st.stm32cube.ide.mcu.externaltools.gnu-tools-for-stm32.10.3-2021.10.win32_1.0.0.202111181127/tools/bin/../lib/gcc/arm-none-eabi/10.3.1/thumb/v7-m/nofp\libgcc.a(_arm_muldivdf3.o)
                0x00000000080004c8                __aeabi_dmul
                0x00000000080004c8                __muldf3
                0x000000000800071c                __divdf3
                0x000000000800071c                __aeabi_ddiv
 .text          0x00000000080008ec      0x110 e:/installedsoftware/cubeide/stm32cubeide_1.10.1/stm32cubeide/plugins/com.st.stm32cube.ide.mcu.externaltools.gnu-tools-for-stm32.10.3-2021.10.win32_1.0.0.202111181127/tools/bin/../lib/gcc/arm-none-eabi/10.3.1/thumb/v7-m/nofp\libgcc.a(_arm_cmpdf2.o)
                0x00000000080008ec                __gtdf2
                0x00000000080008ec                __gedf2
                0x00000000080008f4                __ltdf2
                0x00000000080008f4                __ledf2
                0x00000000080008fc                __nedf2
                0x00000000080008fc                __eqdf2
                0x00000000080008fc                __cmpdf2
                0x0000000008000978                __aeabi_cdrcmple
                0x0000000008000988                __aeabi_cdcmpeq
                0x0000000008000988                __aeabi_cdcmple
                0x0000000008000998                __aeabi_dcmpeq
                0x00000000080009ac                __aeabi_dcmplt
                0x00000000080009c0                __aeabi_dcmple
                0x00000000080009d4                __aeabi_dcmpge
                0x00000000080009e8                __aeabi_dcmpgt
 .text          0x00000000080009fc       0x40 e:/installedsoftware/cubeide/stm32cubeide_1.10.1/stm32cubeide/plugins/com.st.stm32cube.ide.mcu.externaltools.gnu-tools-for-stm32.10.3-2021.10.win32_1.0.0.202111181127/tools/bin/../lib/gcc/arm-none-eabi/10.3.1/thumb/v7-m/nofp\libgcc.a(_arm_fixunsdfsi.o)
                0x00000000080009fc                __aeabi_d2uiz
                0x00000000080009fc                __fixunsdfsi
 *(.text*)
 .text.SPI_ReadWriteByte
                0x0000000008000a3c       0x30 ./Core/Src/main.o
                0x0000000008000a3c                SPI_ReadWriteByte
 .text.NRF24L01_SPI_Init
                0x0000000008000a6c       0x50 ./Core/Src/main.o
                0x0000000008000a6c                NRF24L01_SPI_Init
 .text.NRF24L01_Init
                0x0000000008000abc       0x70 ./Core/Src/main.o
                0x0000000008000abc                NRF24L01_Init
 .text.NRF24L01_Write_Reg
                0x0000000008000b2c       0x40 ./Core/Src/main.o
                0x0000000008000b2c                NRF24L01_Write_Reg
 .text.NRF24L01_Read_Reg
                0x0000000008000b6c       0x38 ./Core/Src/main.o
                0x0000000008000b6c                NRF24L01_Read_Reg
 .text.NRF24L01_Write_Buf
                0x0000000008000ba4       0x58 ./Core/Src/main.o
                0x0000000008000ba4                NRF24L01_Write_Buf
 .text.NRF24L01_TxPacket
                0x0000000008000bfc       0x74 ./Core/Src/main.o
                0x0000000008000bfc                NRF24L01_TxPacket
 .text.NRF24L01_TX_Mode
                0x0000000008000c70       0x64 ./Core/Src/main.o
                0x0000000008000c70                NRF24L01_TX_Mode
 .text.getADCValue
                0x0000000008000cd4       0x50 ./Core/Src/main.o
                0x0000000008000cd4                getADCValue
 .text.Get_Adc_Average
                0x0000000008000d24       0x4c ./Core/Src/main.o
                0x0000000008000d24                Get_Adc_Average
 .text.pubMessage
                0x0000000008000d70      0x50c ./Core/Src/main.o
                0x0000000008000d70                pubMessage
 .text.main     0x000000000800127c       0x54 ./Core/Src/main.o
                0x000000000800127c                main
 .text.SystemClock_Config
                0x00000000080012d0       0xb6 ./Core/Src/main.o
                0x00000000080012d0                SystemClock_Config
 *fill*         0x0000000008001386        0x2 
 .text.MX_ADC1_Init
                0x0000000008001388       0x7c ./Core/Src/main.o
 .text.MX_SPI1_Init
                0x0000000008001404       0x6c ./Core/Src/main.o
 .text.MX_GPIO_Init
                0x0000000008001470       0xdc ./Core/Src/main.o
 .text.Error_Handler
                0x000000000800154c        0xa ./Core/Src/main.o
                0x000000000800154c                Error_Handler
 *fill*         0x0000000008001556        0x2 
 .text.HAL_MspInit
                0x0000000008001558       0x64 ./Core/Src/stm32f1xx_hal_msp.o
                0x0000000008001558                HAL_MspInit
 .text.HAL_ADC_MspInit
                0x00000000080015bc       0x78 ./Core/Src/stm32f1xx_hal_msp.o
                0x00000000080015bc                HAL_ADC_MspInit
 .text.HAL_SPI_MspInit
                0x0000000008001634       0xb4 ./Core/Src/stm32f1xx_hal_msp.o
                0x0000000008001634                HAL_SPI_MspInit
 .text.NMI_Handler
                0x00000000080016e8        0x6 ./Core/Src/stm32f1xx_it.o
                0x00000000080016e8                NMI_Handler
 .text.HardFault_Handler
                0x00000000080016ee        0x6 ./Core/Src/stm32f1xx_it.o
                0x00000000080016ee                HardFault_Handler
 .text.MemManage_Handler
                0x00000000080016f4        0x6 ./Core/Src/stm32f1xx_it.o
                0x00000000080016f4                MemManage_Handler
 .text.BusFault_Handler
                0x00000000080016fa        0x6 ./Core/Src/stm32f1xx_it.o
                0x00000000080016fa                BusFault_Handler
 .text.UsageFault_Handler
                0x0000000008001700        0x6 ./Core/Src/stm32f1xx_it.o
                0x0000000008001700                UsageFault_Handler
 .text.SVC_Handler
                0x0000000008001706        0xc ./Core/Src/stm32f1xx_it.o
                0x0000000008001706                SVC_Handler
 .text.DebugMon_Handler
                0x0000000008001712        0xc ./Core/Src/stm32f1xx_it.o
                0x0000000008001712                DebugMon_Handler
 .text.PendSV_Handler
                0x000000000800171e        0xc ./Core/Src/stm32f1xx_it.o
                0x000000000800171e                PendSV_Handler
 .text.SysTick_Handler
                0x000000000800172a        0xc ./Core/Src/stm32f1xx_it.o
                0x000000000800172a                SysTick_Handler
 .text.SystemInit
                0x0000000008001736        0xc ./Core/Src/system_stm32f1xx.o
                0x0000000008001736                SystemInit
 *fill*         0x0000000008001742        0x2 
 .text.Reset_Handler
                0x0000000008001744       0x48 ./Core/Startup/startup_stm32f103cbux.o
                0x0000000008001744                Reset_Handler
 .text.Default_Handler
                0x000000000800178c        0x2 ./Core/Startup/startup_stm32f103cbux.o
                0x000000000800178c                RTC_Alarm_IRQHandler
                0x000000000800178c                EXTI2_IRQHandler
                0x000000000800178c                TIM1_CC_IRQHandler
                0x000000000800178c                PVD_IRQHandler
                0x000000000800178c                EXTI3_IRQHandler
                0x000000000800178c                EXTI0_IRQHandler
                0x000000000800178c                I2C2_EV_IRQHandler
                0x000000000800178c                ADC1_2_IRQHandler
                0x000000000800178c                SPI1_IRQHandler
                0x000000000800178c                TAMPER_IRQHandler
                0x000000000800178c                DMA1_Channel4_IRQHandler
                0x000000000800178c                USART3_IRQHandler
                0x000000000800178c                RTC_IRQHandler
                0x000000000800178c                DMA1_Channel7_IRQHandler
                0x000000000800178c                CAN1_RX1_IRQHandler
                0x000000000800178c                TIM4_IRQHandler
                0x000000000800178c                I2C1_EV_IRQHandler
                0x000000000800178c                DMA1_Channel6_IRQHandler
                0x000000000800178c                TIM3_IRQHandler
                0x000000000800178c                RCC_IRQHandler
                0x000000000800178c                TIM1_TRG_COM_IRQHandler
                0x000000000800178c                DMA1_Channel1_IRQHandler
                0x000000000800178c                Default_Handler
                0x000000000800178c                EXTI15_10_IRQHandler
                0x000000000800178c                EXTI9_5_IRQHandler
                0x000000000800178c                SPI2_IRQHandler
                0x000000000800178c                DMA1_Channel5_IRQHandler
                0x000000000800178c                EXTI4_IRQHandler
                0x000000000800178c                USB_LP_CAN1_RX0_IRQHandler
                0x000000000800178c                USB_HP_CAN1_TX_IRQHandler
                0x000000000800178c                DMA1_Channel3_IRQHandler
                0x000000000800178c                TIM1_UP_IRQHandler
                0x000000000800178c                WWDG_IRQHandler
                0x000000000800178c                TIM2_IRQHandler
                0x000000000800178c                TIM1_BRK_IRQHandler
                0x000000000800178c                EXTI1_IRQHandler
                0x000000000800178c                USART2_IRQHandler
                0x000000000800178c                I2C2_ER_IRQHandler
                0x000000000800178c                DMA1_Channel2_IRQHandler
                0x000000000800178c                CAN1_SCE_IRQHandler
                0x000000000800178c                FLASH_IRQHandler
                0x000000000800178c                USART1_IRQHandler
                0x000000000800178c                I2C1_ER_IRQHandler
                0x000000000800178c                USBWakeUp_IRQHandler
 *fill*         0x000000000800178e        0x2 
 .text.HAL_Init
                0x0000000008001790       0x2c ./Drivers/STM32F1xx_HAL_Driver/Src/stm32f1xx_hal.o
                0x0000000008001790                HAL_Init
 .text.HAL_InitTick
                0x00000000080017bc       0x60 ./Drivers/STM32F1xx_HAL_Driver/Src/stm32f1xx_hal.o
                0x00000000080017bc                HAL_InitTick
 .text.HAL_IncTick
                0x000000000800181c       0x24 ./Drivers/STM32F1xx_HAL_Driver/Src/stm32f1xx_hal.o
                0x000000000800181c                HAL_IncTick
 .text.HAL_GetTick
                0x0000000008001840       0x14 ./Drivers/STM32F1xx_HAL_Driver/Src/stm32f1xx_hal.o
                0x0000000008001840                HAL_GetTick
 .text.HAL_Delay
                0x0000000008001854       0x48 ./Drivers/STM32F1xx_HAL_Driver/Src/stm32f1xx_hal.o
                0x0000000008001854                HAL_Delay
 .text.HAL_ADC_Init
                0x000000000800189c      0x1b0 ./Drivers/STM32F1xx_HAL_Driver/Src/stm32f1xx_hal_adc.o
                0x000000000800189c                HAL_ADC_Init
 .text.HAL_ADC_Start
                0x0000000008001a4c      0x15c ./Drivers/STM32F1xx_HAL_Driver/Src/stm32f1xx_hal_adc.o
                0x0000000008001a4c                HAL_ADC_Start
 .text.HAL_ADC_PollForConversion
                0x0000000008001ba8      0x20c ./Drivers/STM32F1xx_HAL_Driver/Src/stm32f1xx_hal_adc.o
                0x0000000008001ba8                HAL_ADC_PollForConversion
 .text.HAL_ADC_GetValue
                0x0000000008001db4       0x18 ./Drivers/STM32F1xx_HAL_Driver/Src/stm32f1xx_hal_adc.o
                0x0000000008001db4                HAL_ADC_GetValue
 .text.HAL_ADC_ConfigChannel
                0x0000000008001dcc      0x1f0 ./Drivers/STM32F1xx_HAL_Driver/Src/stm32f1xx_hal_adc.o
                0x0000000008001dcc                HAL_ADC_ConfigChannel
 .text.ADC_Enable
                0x0000000008001fbc       0xb4 ./Drivers/STM32F1xx_HAL_Driver/Src/stm32f1xx_hal_adc.o
                0x0000000008001fbc                ADC_Enable
 .text.ADC_ConversionStop_Disable
                0x0000000008002070       0x82 ./Drivers/STM32F1xx_HAL_Driver/Src/stm32f1xx_hal_adc.o
                0x0000000008002070                ADC_ConversionStop_Disable
 *fill*         0x00000000080020f2        0x2 
 .text.__NVIC_SetPriorityGrouping
                0x00000000080020f4       0x48 ./Drivers/STM32F1xx_HAL_Driver/Src/stm32f1xx_hal_cortex.o
 .text.__NVIC_GetPriorityGrouping
                0x000000000800213c       0x1c ./Drivers/STM32F1xx_HAL_Driver/Src/stm32f1xx_hal_cortex.o
 .text.__NVIC_SetPriority
                0x0000000008002158       0x54 ./Drivers/STM32F1xx_HAL_Driver/Src/stm32f1xx_hal_cortex.o
 .text.NVIC_EncodePriority
                0x00000000080021ac       0x64 ./Drivers/STM32F1xx_HAL_Driver/Src/stm32f1xx_hal_cortex.o
 .text.SysTick_Config
                0x0000000008002210       0x44 ./Drivers/STM32F1xx_HAL_Driver/Src/stm32f1xx_hal_cortex.o
 .text.HAL_NVIC_SetPriorityGrouping
                0x0000000008002254       0x16 ./Drivers/STM32F1xx_HAL_Driver/Src/stm32f1xx_hal_cortex.o
                0x0000000008002254                HAL_NVIC_SetPriorityGrouping
 .text.HAL_NVIC_SetPriority
                0x000000000800226a       0x38 ./Drivers/STM32F1xx_HAL_Driver/Src/stm32f1xx_hal_cortex.o
                0x000000000800226a                HAL_NVIC_SetPriority
 .text.HAL_SYSTICK_Config
                0x00000000080022a2       0x18 ./Drivers/STM32F1xx_HAL_Driver/Src/stm32f1xx_hal_cortex.o
                0x00000000080022a2                HAL_SYSTICK_Config
 *fill*         0x00000000080022ba        0x2 
 .text.HAL_GPIO_Init
                0x00000000080022bc      0x308 ./Drivers/STM32F1xx_HAL_Driver/Src/stm32f1xx_hal_gpio.o
                0x00000000080022bc                HAL_GPIO_Init
 .text.HAL_GPIO_WritePin
                0x00000000080025c4       0x30 ./Drivers/STM32F1xx_HAL_Driver/Src/stm32f1xx_hal_gpio.o
                0x00000000080025c4                HAL_GPIO_WritePin
 .text.HAL_RCC_OscConfig
                0x00000000080025f4      0x504 ./Drivers/STM32F1xx_HAL_Driver/Src/stm32f1xx_hal_rcc.o
                0x00000000080025f4                HAL_RCC_OscConfig
 .text.HAL_RCC_ClockConfig
                0x0000000008002af8      0x1d4 ./Drivers/STM32F1xx_HAL_Driver/Src/stm32f1xx_hal_rcc.o
                0x0000000008002af8                HAL_RCC_ClockConfig
 .text.HAL_RCC_GetSysClockFreq
                0x0000000008002ccc       0xbc ./Drivers/STM32F1xx_HAL_Driver/Src/stm32f1xx_hal_rcc.o
                0x0000000008002ccc                HAL_RCC_GetSysClockFreq
 .text.HAL_RCC_GetHCLKFreq
                0x0000000008002d88       0x14 ./Drivers/STM32F1xx_HAL_Driver/Src/stm32f1xx_hal_rcc.o
                0x0000000008002d88                HAL_RCC_GetHCLKFreq
 .text.HAL_RCC_GetPCLK2Freq
                0x0000000008002d9c       0x28 ./Drivers/STM32F1xx_HAL_Driver/Src/stm32f1xx_hal_rcc.o
                0x0000000008002d9c                HAL_RCC_GetPCLK2Freq
 .text.RCC_Delay
                0x0000000008002dc4       0x3c ./Drivers/STM32F1xx_HAL_Driver/Src/stm32f1xx_hal_rcc.o
 .text.HAL_RCCEx_PeriphCLKConfig
                0x0000000008002e00      0x16c ./Drivers/STM32F1xx_HAL_Driver/Src/stm32f1xx_hal_rcc_ex.o
                0x0000000008002e00                HAL_RCCEx_PeriphCLKConfig
 .text.HAL_RCCEx_GetPeriphCLKFreq
                0x0000000008002f6c      0x180 ./Drivers/STM32F1xx_HAL_Driver/Src/stm32f1xx_hal_rcc_ex.o
                0x0000000008002f6c                HAL_RCCEx_GetPeriphCLKFreq
 .text.HAL_SPI_Init
                0x00000000080030ec      0x108 ./Drivers/STM32F1xx_HAL_Driver/Src/stm32f1xx_hal_spi.o
                0x00000000080030ec                HAL_SPI_Init
 .text.HAL_SPI_TransmitReceive
                0x00000000080031f4      0x344 ./Drivers/STM32F1xx_HAL_Driver/Src/stm32f1xx_hal_spi.o
                0x00000000080031f4                HAL_SPI_TransmitReceive
 .text.SPI_WaitFlagStateUntilTimeout
                0x0000000008003538      0x110 ./Drivers/STM32F1xx_HAL_Driver/Src/stm32f1xx_hal_spi.o
 .text.SPI_EndRxTxTransaction
                0x0000000008003648       0x3c ./Drivers/STM32F1xx_HAL_Driver/Src/stm32f1xx_hal_spi.o
 .text.__libc_init_array
                0x0000000008003684       0x48 e:/installedsoftware/cubeide/stm32cubeide_1.10.1/stm32cubeide/plugins/com.st.stm32cube.ide.mcu.externaltools.gnu-tools-for-stm32.10.3-2021.10.win32_1.0.0.202111181127/tools/bin/../lib/gcc/arm-none-eabi/10.3.1/../../../../arm-none-eabi/lib/thumb/v7-m/nofp\libc_nano.a(lib_a-init.o)
                0x0000000008003684                __libc_init_array
 .text.memset   0x00000000080036cc       0x10 e:/installedsoftware/cubeide/stm32cubeide_1.10.1/stm32cubeide/plugins/com.st.stm32cube.ide.mcu.externaltools.gnu-tools-for-stm32.10.3-2021.10.win32_1.0.0.202111181127/tools/bin/../lib/gcc/arm-none-eabi/10.3.1/../../../../arm-none-eabi/lib/thumb/v7-m/nofp\libc_nano.a(lib_a-memset.o)
                0x00000000080036cc                memset
 *(.glue_7)
 .glue_7        0x00000000080036dc        0x0 linker stubs
 *(.glue_7t)
 .glue_7t       0x00000000080036dc        0x0 linker stubs
 *(.eh_frame)
 .eh_frame      0x00000000080036dc        0x0 e:/installedsoftware/cubeide/stm32cubeide_1.10.1/stm32cubeide/plugins/com.st.stm32cube.ide.mcu.externaltools.gnu-tools-for-stm32.10.3-2021.10.win32_1.0.0.202111181127/tools/bin/../lib/gcc/arm-none-eabi/10.3.1/thumb/v7-m/nofp/crtbegin.o
 *(.init)
 .init          0x00000000080036dc        0x4 e:/installedsoftware/cubeide/stm32cubeide_1.10.1/stm32cubeide/plugins/com.st.stm32cube.ide.mcu.externaltools.gnu-tools-for-stm32.10.3-2021.10.win32_1.0.0.202111181127/tools/bin/../lib/gcc/arm-none-eabi/10.3.1/thumb/v7-m/nofp/crti.o
                0x00000000080036dc                _init
 .init          0x00000000080036e0        0x8 e:/installedsoftware/cubeide/stm32cubeide_1.10.1/stm32cubeide/plugins/com.st.stm32cube.ide.mcu.externaltools.gnu-tools-for-stm32.10.3-2021.10.win32_1.0.0.202111181127/tools/bin/../lib/gcc/arm-none-eabi/10.3.1/thumb/v7-m/nofp/crtn.o
 *(.fini)
 .fini          0x00000000080036e8        0x4 e:/installedsoftware/cubeide/stm32cubeide_1.10.1/stm32cubeide/plugins/com.st.stm32cube.ide.mcu.externaltools.gnu-tools-for-stm32.10.3-2021.10.win32_1.0.0.202111181127/tools/bin/../lib/gcc/arm-none-eabi/10.3.1/thumb/v7-m/nofp/crti.o
                0x00000000080036e8                _fini
 .fini          0x00000000080036ec        0x8 e:/installedsoftware/cubeide/stm32cubeide_1.10.1/stm32cubeide/plugins/com.st.stm32cube.ide.mcu.externaltools.gnu-tools-for-stm32.10.3-2021.10.win32_1.0.0.202111181127/tools/bin/../lib/gcc/arm-none-eabi/10.3.1/thumb/v7-m/nofp/crtn.o
                0x00000000080036f4                . = ALIGN (0x4)
                0x00000000080036f4                _etext = .

.vfp11_veneer   0x00000000080036f4        0x0
 .vfp11_veneer  0x00000000080036f4        0x0 linker stubs

.v4_bx          0x00000000080036f4        0x0
 .v4_bx         0x00000000080036f4        0x0 linker stubs

.iplt           0x00000000080036f4        0x0
 .iplt          0x00000000080036f4        0x0 e:/installedsoftware/cubeide/stm32cubeide_1.10.1/stm32cubeide/plugins/com.st.stm32cube.ide.mcu.externaltools.gnu-tools-for-stm32.10.3-2021.10.win32_1.0.0.202111181127/tools/bin/../lib/gcc/arm-none-eabi/10.3.1/thumb/v7-m/nofp/crtbegin.o

.rodata         0x00000000080036f4       0x48
                0x00000000080036f4                . = ALIGN (0x4)
 *(.rodata)
 .rodata        0x00000000080036f4       0x10 ./Drivers/STM32F1xx_HAL_Driver/Src/stm32f1xx_hal_rcc.o
 .rodata        0x0000000008003704       0x10 ./Drivers/STM32F1xx_HAL_Driver/Src/stm32f1xx_hal_rcc_ex.o
 *(.rodata*)
 .rodata.TX_ADDRESS
                0x0000000008003714        0x5 ./Core/Src/main.o
                0x0000000008003714                TX_ADDRESS
 *fill*         0x0000000008003719        0x3 
 .rodata.RX_ADDRESS
                0x000000000800371c        0x5 ./Core/Src/main.o
                0x000000000800371c                RX_ADDRESS
 *fill*         0x0000000008003721        0x3 
 .rodata.AHBPrescTable
                0x0000000008003724       0x10 ./Core/Src/system_stm32f1xx.o
                0x0000000008003724                AHBPrescTable
 .rodata.APBPrescTable
                0x0000000008003734        0x8 ./Core/Src/system_stm32f1xx.o
                0x0000000008003734                APBPrescTable
                0x000000000800373c                . = ALIGN (0x4)

.rel.dyn        0x000000000800373c        0x0
 .rel.iplt      0x000000000800373c        0x0 e:/installedsoftware/cubeide/stm32cubeide_1.10.1/stm32cubeide/plugins/com.st.stm32cube.ide.mcu.externaltools.gnu-tools-for-stm32.10.3-2021.10.win32_1.0.0.202111181127/tools/bin/../lib/gcc/arm-none-eabi/10.3.1/thumb/v7-m/nofp/crtbegin.o

.ARM.extab      0x000000000800373c        0x0
                0x000000000800373c                . = ALIGN (0x4)
 *(.ARM.extab* .gnu.linkonce.armextab.*)
                0x000000000800373c                . = ALIGN (0x4)

.ARM            0x000000000800373c        0x0
                0x000000000800373c                . = ALIGN (0x4)
                0x000000000800373c                __exidx_start = .
 *(.ARM.exidx*)
                0x000000000800373c                __exidx_end = .
                0x000000000800373c                . = ALIGN (0x4)

.preinit_array  0x000000000800373c        0x0
                0x000000000800373c                . = ALIGN (0x4)
                0x000000000800373c                PROVIDE (__preinit_array_start = .)
 *(.preinit_array*)
                0x000000000800373c                PROVIDE (__preinit_array_end = .)
                0x000000000800373c                . = ALIGN (0x4)

.init_array     0x000000000800373c        0x4
                0x000000000800373c                . = ALIGN (0x4)
                0x000000000800373c                PROVIDE (__init_array_start = .)
 *(SORT_BY_NAME(.init_array.*))
 *(.init_array*)
 .init_array    0x000000000800373c        0x4 e:/installedsoftware/cubeide/stm32cubeide_1.10.1/stm32cubeide/plugins/com.st.stm32cube.ide.mcu.externaltools.gnu-tools-for-stm32.10.3-2021.10.win32_1.0.0.202111181127/tools/bin/../lib/gcc/arm-none-eabi/10.3.1/thumb/v7-m/nofp/crtbegin.o
                0x0000000008003740                PROVIDE (__init_array_end = .)
                0x0000000008003740                . = ALIGN (0x4)

.fini_array     0x0000000008003740        0x4
                0x0000000008003740                . = ALIGN (0x4)
                [!provide]                        PROVIDE (__fini_array_start = .)
 *(SORT_BY_NAME(.fini_array.*))
 *(.fini_array*)
 .fini_array    0x0000000008003740        0x4 e:/installedsoftware/cubeide/stm32cubeide_1.10.1/stm32cubeide/plugins/com.st.stm32cube.ide.mcu.externaltools.gnu-tools-for-stm32.10.3-2021.10.win32_1.0.0.202111181127/tools/bin/../lib/gcc/arm-none-eabi/10.3.1/thumb/v7-m/nofp/crtbegin.o
                [!provide]                        PROVIDE (__fini_array_end = .)
                0x0000000008003744                . = ALIGN (0x4)
                0x0000000008003744                _sidata = LOADADDR (.data)

.data           0x0000000020000000       0x28 load address 0x0000000008003744
                0x0000000020000000                . = ALIGN (0x4)
                0x0000000020000000                _sdata = .
 *(.data)
 *(.data*)
 .data.v_ad     0x0000000020000000        0x4 ./Core/Src/main.o
                0x0000000020000000                v_ad
 .data.k1       0x0000000020000004        0x4 ./Core/Src/main.o
                0x0000000020000004                k1
 .data.k2       0x0000000020000008        0x4 ./Core/Src/main.o
                0x0000000020000008                k2
 .data.k3       0x000000002000000c        0x4 ./Core/Src/main.o
                0x000000002000000c                k3
 .data.k4       0x0000000020000010        0x4 ./Core/Src/main.o
                0x0000000020000010                k4
 .data.k5       0x0000000020000014        0x4 ./Core/Src/main.o
                0x0000000020000014                k5
 .data.k6       0x0000000020000018        0x4 ./Core/Src/main.o
                0x0000000020000018                k6
 .data.SystemCoreClock
                0x000000002000001c        0x4 ./Core/Src/system_stm32f1xx.o
                0x000000002000001c                SystemCoreClock
 .data.uwTickPrio
                0x0000000020000020        0x4 ./Drivers/STM32F1xx_HAL_Driver/Src/stm32f1xx_hal.o
                0x0000000020000020                uwTickPrio
 .data.uwTickFreq
                0x0000000020000024        0x1 ./Drivers/STM32F1xx_HAL_Driver/Src/stm32f1xx_hal.o
                0x0000000020000024                uwTickFreq
 *(.RamFunc)
 *(.RamFunc*)
                0x0000000020000028                . = ALIGN (0x4)
 *fill*         0x0000000020000025        0x3 
                0x0000000020000028                _edata = .

.igot.plt       0x0000000020000028        0x0 load address 0x000000000800376c
 .igot.plt      0x0000000020000028        0x0 e:/installedsoftware/cubeide/stm32cubeide_1.10.1/stm32cubeide/plugins/com.st.stm32cube.ide.mcu.externaltools.gnu-tools-for-stm32.10.3-2021.10.win32_1.0.0.202111181127/tools/bin/../lib/gcc/arm-none-eabi/10.3.1/thumb/v7-m/nofp/crtbegin.o
                0x0000000020000028                . = ALIGN (0x4)

.bss            0x0000000020000028       0xf0 load address 0x000000000800376c
                0x0000000020000028                _sbss = .
                0x0000000020000028                __bss_start__ = _sbss
 *(.bss)
 .bss           0x0000000020000028       0x1c e:/installedsoftware/cubeide/stm32cubeide_1.10.1/stm32cubeide/plugins/com.st.stm32cube.ide.mcu.externaltools.gnu-tools-for-stm32.10.3-2021.10.win32_1.0.0.202111181127/tools/bin/../lib/gcc/arm-none-eabi/10.3.1/thumb/v7-m/nofp/crtbegin.o
 *(.bss*)
 .bss.hspi      0x0000000020000044        0x4 ./Core/Src/main.o
                0x0000000020000044                hspi
 .bss.hadc1     0x0000000020000048       0x30 ./Core/Src/main.o
                0x0000000020000048                hadc1
 .bss.hspi1     0x0000000020000078       0x58 ./Core/Src/main.o
                0x0000000020000078                hspi1
 .bss.voltages  0x00000000200000d0       0x38 ./Core/Src/main.o
                0x00000000200000d0                voltages
 .bss.msg       0x0000000020000108        0xa ./Core/Src/main.o
                0x0000000020000108                msg
 *fill*         0x0000000020000112        0x2 
 .bss.uwTick    0x0000000020000114        0x4 ./Drivers/STM32F1xx_HAL_Driver/Src/stm32f1xx_hal.o
                0x0000000020000114                uwTick
 *(COMMON)
                0x0000000020000118                . = ALIGN (0x4)
                0x0000000020000118                _ebss = .
                0x0000000020000118                __bss_end__ = _ebss

._user_heap_stack
                0x0000000020000118      0x600 load address 0x000000000800376c
                0x0000000020000118                . = ALIGN (0x8)
                [!provide]                        PROVIDE (end = .)
                0x0000000020000118                PROVIDE (_end = .)
                0x0000000020000318                . = (. + _Min_Heap_Size)
 *fill*         0x0000000020000118      0x200 
                0x0000000020000718                . = (. + _Min_Stack_Size)
 *fill*         0x0000000020000318      0x400 
                0x0000000020000718                . = ALIGN (0x8)

/DISCARD/
 libc.a(*)
 libm.a(*)
 libgcc.a(*)

.ARM.attributes
                0x0000000000000000       0x29
 *(.ARM.attributes)
 .ARM.attributes
                0x0000000000000000       0x1d e:/installedsoftware/cubeide/stm32cubeide_1.10.1/stm32cubeide/plugins/com.st.stm32cube.ide.mcu.externaltools.gnu-tools-for-stm32.10.3-2021.10.win32_1.0.0.202111181127/tools/bin/../lib/gcc/arm-none-eabi/10.3.1/thumb/v7-m/nofp/crti.o
 .ARM.attributes
                0x000000000000001d       0x2d e:/installedsoftware/cubeide/stm32cubeide_1.10.1/stm32cubeide/plugins/com.st.stm32cube.ide.mcu.externaltools.gnu-tools-for-stm32.10.3-2021.10.win32_1.0.0.202111181127/tools/bin/../lib/gcc/arm-none-eabi/10.3.1/thumb/v7-m/nofp/crtbegin.o
 .ARM.attributes
                0x000000000000004a       0x2d ./Core/Src/main.o
 .ARM.attributes
                0x0000000000000077       0x2d ./Core/Src/stm32f1xx_hal_msp.o
 .ARM.attributes
                0x00000000000000a4       0x2d ./Core/Src/stm32f1xx_it.o
 .ARM.attributes
                0x00000000000000d1       0x2d ./Core/Src/system_stm32f1xx.o
 .ARM.attributes
                0x00000000000000fe       0x21 ./Core/Startup/startup_stm32f103cbux.o
 .ARM.attributes
                0x000000000000011f       0x2d ./Drivers/STM32F1xx_HAL_Driver/Src/stm32f1xx_hal.o
 .ARM.attributes
                0x000000000000014c       0x2d ./Drivers/STM32F1xx_HAL_Driver/Src/stm32f1xx_hal_adc.o
 .ARM.attributes
                0x0000000000000179       0x2d ./Drivers/STM32F1xx_HAL_Driver/Src/stm32f1xx_hal_cortex.o
 .ARM.attributes
                0x00000000000001a6       0x2d ./Drivers/STM32F1xx_HAL_Driver/Src/stm32f1xx_hal_gpio.o
 .ARM.attributes
                0x00000000000001d3       0x2d ./Drivers/STM32F1xx_HAL_Driver/Src/stm32f1xx_hal_rcc.o
 .ARM.attributes
                0x0000000000000200       0x2d ./Drivers/STM32F1xx_HAL_Driver/Src/stm32f1xx_hal_rcc_ex.o
 .ARM.attributes
                0x000000000000022d       0x2d ./Drivers/STM32F1xx_HAL_Driver/Src/stm32f1xx_hal_spi.o
 .ARM.attributes
                0x000000000000025a       0x2d e:/installedsoftware/cubeide/stm32cubeide_1.10.1/stm32cubeide/plugins/com.st.stm32cube.ide.mcu.externaltools.gnu-tools-for-stm32.10.3-2021.10.win32_1.0.0.202111181127/tools/bin/../lib/gcc/arm-none-eabi/10.3.1/../../../../arm-none-eabi/lib/thumb/v7-m/nofp\libc_nano.a(lib_a-init.o)
 .ARM.attributes
                0x0000000000000287       0x2d e:/installedsoftware/cubeide/stm32cubeide_1.10.1/stm32cubeide/plugins/com.st.stm32cube.ide.mcu.externaltools.gnu-tools-for-stm32.10.3-2021.10.win32_1.0.0.202111181127/tools/bin/../lib/gcc/arm-none-eabi/10.3.1/../../../../arm-none-eabi/lib/thumb/v7-m/nofp\libc_nano.a(lib_a-memset.o)
 .ARM.attributes
                0x00000000000002b4       0x1d e:/installedsoftware/cubeide/stm32cubeide_1.10.1/stm32cubeide/plugins/com.st.stm32cube.ide.mcu.externaltools.gnu-tools-for-stm32.10.3-2021.10.win32_1.0.0.202111181127/tools/bin/../lib/gcc/arm-none-eabi/10.3.1/thumb/v7-m/nofp\libgcc.a(_arm_addsubdf3.o)
 .ARM.attributes
                0x00000000000002d1       0x1d e:/installedsoftware/cubeide/stm32cubeide_1.10.1/stm32cubeide/plugins/com.st.stm32cube.ide.mcu.externaltools.gnu-tools-for-stm32.10.3-2021.10.win32_1.0.0.202111181127/tools/bin/../lib/gcc/arm-none-eabi/10.3.1/thumb/v7-m/nofp\libgcc.a(_arm_muldivdf3.o)
 .ARM.attributes
                0x00000000000002ee       0x1d e:/installedsoftware/cubeide/stm32cubeide_1.10.1/stm32cubeide/plugins/com.st.stm32cube.ide.mcu.externaltools.gnu-tools-for-stm32.10.3-2021.10.win32_1.0.0.202111181127/tools/bin/../lib/gcc/arm-none-eabi/10.3.1/thumb/v7-m/nofp\libgcc.a(_arm_cmpdf2.o)
 .ARM.attributes
                0x000000000000030b       0x1d e:/installedsoftware/cubeide/stm32cubeide_1.10.1/stm32cubeide/plugins/com.st.stm32cube.ide.mcu.externaltools.gnu-tools-for-stm32.10.3-2021.10.win32_1.0.0.202111181127/tools/bin/../lib/gcc/arm-none-eabi/10.3.1/thumb/v7-m/nofp\libgcc.a(_arm_fixunsdfsi.o)
 .ARM.attributes
                0x0000000000000328       0x1d e:/installedsoftware/cubeide/stm32cubeide_1.10.1/stm32cubeide/plugins/com.st.stm32cube.ide.mcu.externaltools.gnu-tools-for-stm32.10.3-2021.10.win32_1.0.0.202111181127/tools/bin/../lib/gcc/arm-none-eabi/10.3.1/thumb/v7-m/nofp/crtn.o
OUTPUT(RemoteBB.elf elf32-littlearm)
LOAD linker stubs
LOAD e:/installedsoftware/cubeide/stm32cubeide_1.10.1/stm32cubeide/plugins/com.st.stm32cube.ide.mcu.externaltools.gnu-tools-for-stm32.10.3-2021.10.win32_1.0.0.202111181127/tools/bin/../lib/gcc/arm-none-eabi/10.3.1/../../../../arm-none-eabi/lib/thumb/v7-m/nofp\libc.a
LOAD e:/installedsoftware/cubeide/stm32cubeide_1.10.1/stm32cubeide/plugins/com.st.stm32cube.ide.mcu.externaltools.gnu-tools-for-stm32.10.3-2021.10.win32_1.0.0.202111181127/tools/bin/../lib/gcc/arm-none-eabi/10.3.1/../../../../arm-none-eabi/lib/thumb/v7-m/nofp\libm.a
LOAD e:/installedsoftware/cubeide/stm32cubeide_1.10.1/stm32cubeide/plugins/com.st.stm32cube.ide.mcu.externaltools.gnu-tools-for-stm32.10.3-2021.10.win32_1.0.0.202111181127/tools/bin/../lib/gcc/arm-none-eabi/10.3.1/thumb/v7-m/nofp\libgcc.a

.debug_info     0x0000000000000000     0x6972
 .debug_info    0x0000000000000000     0x12c0 ./Core/Src/main.o
 .debug_info    0x00000000000012c0      0xb57 ./Core/Src/stm32f1xx_hal_msp.o
 .debug_info    0x0000000000001e17      0x122 ./Core/Src/stm32f1xx_it.o
 .debug_info    0x0000000000001f39      0x23d ./Core/Src/system_stm32f1xx.o
 .debug_info    0x0000000000002176       0x22 ./Core/Startup/startup_stm32f103cbux.o
 .debug_info    0x0000000000002198      0x734 ./Drivers/STM32F1xx_HAL_Driver/Src/stm32f1xx_hal.o
 .debug_info    0x00000000000028cc      0xcd9 ./Drivers/STM32F1xx_HAL_Driver/Src/stm32f1xx_hal_adc.o
 .debug_info    0x00000000000035a5      0xb20 ./Drivers/STM32F1xx_HAL_Driver/Src/stm32f1xx_hal_cortex.o
 .debug_info    0x00000000000040c5      0x615 ./Drivers/STM32F1xx_HAL_Driver/Src/stm32f1xx_hal_gpio.o
 .debug_info    0x00000000000046da      0x860 ./Drivers/STM32F1xx_HAL_Driver/Src/stm32f1xx_hal_rcc.o
 .debug_info    0x0000000000004f3a      0x3e0 ./Drivers/STM32F1xx_HAL_Driver/Src/stm32f1xx_hal_rcc_ex.o
 .debug_info    0x000000000000531a     0x1658 ./Drivers/STM32F1xx_HAL_Driver/Src/stm32f1xx_hal_spi.o

.debug_abbrev   0x0000000000000000     0x15cd
 .debug_abbrev  0x0000000000000000      0x32d ./Core/Src/main.o
 .debug_abbrev  0x000000000000032d      0x194 ./Core/Src/stm32f1xx_hal_msp.o
 .debug_abbrev  0x00000000000004c1       0x74 ./Core/Src/stm32f1xx_it.o
 .debug_abbrev  0x0000000000000535      0x13b ./Core/Src/system_stm32f1xx.o
 .debug_abbrev  0x0000000000000670       0x12 ./Core/Startup/startup_stm32f103cbux.o
 .debug_abbrev  0x0000000000000682      0x1fb ./Drivers/STM32F1xx_HAL_Driver/Src/stm32f1xx_hal.o
 .debug_abbrev  0x000000000000087d      0x210 ./Drivers/STM32F1xx_HAL_Driver/Src/stm32f1xx_hal_adc.o
 .debug_abbrev  0x0000000000000a8d      0x2ed ./Drivers/STM32F1xx_HAL_Driver/Src/stm32f1xx_hal_cortex.o
 .debug_abbrev  0x0000000000000d7a      0x1bb ./Drivers/STM32F1xx_HAL_Driver/Src/stm32f1xx_hal_gpio.o
 .debug_abbrev  0x0000000000000f35      0x2a8 ./Drivers/STM32F1xx_HAL_Driver/Src/stm32f1xx_hal_rcc.o
 .debug_abbrev  0x00000000000011dd      0x182 ./Drivers/STM32F1xx_HAL_Driver/Src/stm32f1xx_hal_rcc_ex.o
 .debug_abbrev  0x000000000000135f      0x26e ./Drivers/STM32F1xx_HAL_Driver/Src/stm32f1xx_hal_spi.o

.debug_aranges  0x0000000000000000      0x768
 .debug_aranges
                0x0000000000000000       0xc0 ./Core/Src/main.o
 .debug_aranges
                0x00000000000000c0       0x40 ./Core/Src/stm32f1xx_hal_msp.o
 .debug_aranges
                0x0000000000000100       0x60 ./Core/Src/stm32f1xx_it.o
 .debug_aranges
                0x0000000000000160       0x28 ./Core/Src/system_stm32f1xx.o
 .debug_aranges
                0x0000000000000188       0x28 ./Core/Startup/startup_stm32f103cbux.o
 .debug_aranges
                0x00000000000001b0       0xe0 ./Drivers/STM32F1xx_HAL_Driver/Src/stm32f1xx_hal.o
 .debug_aranges
                0x0000000000000290       0xf0 ./Drivers/STM32F1xx_HAL_Driver/Src/stm32f1xx_hal_adc.o
 .debug_aranges
                0x0000000000000380      0x100 ./Drivers/STM32F1xx_HAL_Driver/Src/stm32f1xx_hal_cortex.o
 .debug_aranges
                0x0000000000000480       0x58 ./Drivers/STM32F1xx_HAL_Driver/Src/stm32f1xx_hal_gpio.o
 .debug_aranges
                0x00000000000004d8       0x90 ./Drivers/STM32F1xx_HAL_Driver/Src/stm32f1xx_hal_rcc.o
 .debug_aranges
                0x0000000000000568       0x30 ./Drivers/STM32F1xx_HAL_Driver/Src/stm32f1xx_hal_rcc_ex.o
 .debug_aranges
                0x0000000000000598      0x1d0 ./Drivers/STM32F1xx_HAL_Driver/Src/stm32f1xx_hal_spi.o

.debug_ranges   0x0000000000000000      0x6b0
 .debug_ranges  0x0000000000000000       0xb0 ./Core/Src/main.o
 .debug_ranges  0x00000000000000b0       0x30 ./Core/Src/stm32f1xx_hal_msp.o
 .debug_ranges  0x00000000000000e0       0x50 ./Core/Src/stm32f1xx_it.o
 .debug_ranges  0x0000000000000130       0x18 ./Core/Src/system_stm32f1xx.o
 .debug_ranges  0x0000000000000148       0x20 ./Core/Startup/startup_stm32f103cbux.o
 .debug_ranges  0x0000000000000168       0xd0 ./Drivers/STM32F1xx_HAL_Driver/Src/stm32f1xx_hal.o
 .debug_ranges  0x0000000000000238       0xe0 ./Drivers/STM32F1xx_HAL_Driver/Src/stm32f1xx_hal_adc.o
 .debug_ranges  0x0000000000000318       0xf0 ./Drivers/STM32F1xx_HAL_Driver/Src/stm32f1xx_hal_cortex.o
 .debug_ranges  0x0000000000000408       0x48 ./Drivers/STM32F1xx_HAL_Driver/Src/stm32f1xx_hal_gpio.o
 .debug_ranges  0x0000000000000450       0x80 ./Drivers/STM32F1xx_HAL_Driver/Src/stm32f1xx_hal_rcc.o
 .debug_ranges  0x00000000000004d0       0x20 ./Drivers/STM32F1xx_HAL_Driver/Src/stm32f1xx_hal_rcc_ex.o
 .debug_ranges  0x00000000000004f0      0x1c0 ./Drivers/STM32F1xx_HAL_Driver/Src/stm32f1xx_hal_spi.o

.debug_macro    0x0000000000000000    0x16848
 .debug_macro   0x0000000000000000      0x1ba ./Core/Src/main.o
 .debug_macro   0x00000000000001ba      0xa6c ./Core/Src/main.o
 .debug_macro   0x0000000000000c26      0x21b ./Core/Src/main.o
 .debug_macro   0x0000000000000e41       0x2e ./Core/Src/main.o
 .debug_macro   0x0000000000000e6f       0x22 ./Core/Src/main.o
 .debug_macro   0x0000000000000e91       0x22 ./Core/Src/main.o
 .debug_macro   0x0000000000000eb3       0x8e ./Core/Src/main.o
 .debug_macro   0x0000000000000f41       0x51 ./Core/Src/main.o
 .debug_macro   0x0000000000000f92      0x103 ./Core/Src/main.o
 .debug_macro   0x0000000000001095       0x6a ./Core/Src/main.o
 .debug_macro   0x00000000000010ff      0x1df ./Core/Src/main.o
 .debug_macro   0x00000000000012de       0x1c ./Core/Src/main.o
 .debug_macro   0x00000000000012fa       0x22 ./Core/Src/main.o
 .debug_macro   0x000000000000131c       0xbd ./Core/Src/main.o
 .debug_macro   0x00000000000013d9      0xd23 ./Core/Src/main.o
 .debug_macro   0x00000000000020fc     0xe09e ./Core/Src/main.o
 .debug_macro   0x000000000001019a       0x6d ./Core/Src/main.o
 .debug_macro   0x0000000000010207     0x3468 ./Core/Src/main.o
 .debug_macro   0x000000000001366f      0x174 ./Core/Src/main.o
 .debug_macro   0x00000000000137e3       0x5c ./Core/Src/main.o
 .debug_macro   0x000000000001383f      0x5be ./Core/Src/main.o
 .debug_macro   0x0000000000013dfd      0x289 ./Core/Src/main.o
 .debug_macro   0x0000000000014086      0x1cb ./Core/Src/main.o
 .debug_macro   0x0000000000014251      0x114 ./Core/Src/main.o
 .debug_macro   0x0000000000014365      0x1b2 ./Core/Src/main.o
 .debug_macro   0x0000000000014517       0x27 ./Core/Src/main.o
 .debug_macro   0x000000000001453e      0x136 ./Core/Src/main.o
 .debug_macro   0x0000000000014674      0x1bc ./Core/Src/main.o
 .debug_macro   0x0000000000014830       0x34 ./Core/Src/main.o
 .debug_macro   0x0000000000014864       0x3c ./Core/Src/main.o
 .debug_macro   0x00000000000148a0       0x57 ./Core/Src/main.o
 .debug_macro   0x00000000000148f7      0x46a ./Core/Src/main.o
 .debug_macro   0x0000000000014d61      0x1b5 ./Core/Src/main.o
 .debug_macro   0x0000000000014f16       0x88 ./Core/Src/main.o
 .debug_macro   0x0000000000014f9e      0x241 ./Core/Src/main.o
 .debug_macro   0x00000000000151df      0x141 ./Core/Src/main.o
 .debug_macro   0x0000000000015320      0x217 ./Core/Src/main.o
 .debug_macro   0x0000000000015537       0x83 ./Core/Src/main.o
 .debug_macro   0x00000000000155ba       0x1c ./Core/Src/main.o
 .debug_macro   0x00000000000155d6      0x130 ./Core/Src/main.o
 .debug_macro   0x0000000000015706      0x1b1 ./Core/Src/stm32f1xx_hal_msp.o
 .debug_macro   0x00000000000158b7      0x1bb ./Core/Src/stm32f1xx_it.o
 .debug_macro   0x0000000000015a72      0x1a2 ./Core/Src/system_stm32f1xx.o
 .debug_macro   0x0000000000015c14      0x1c6 ./Drivers/STM32F1xx_HAL_Driver/Src/stm32f1xx_hal.o
 .debug_macro   0x0000000000015dda      0x1bf ./Drivers/STM32F1xx_HAL_Driver/Src/stm32f1xx_hal_adc.o
 .debug_macro   0x0000000000015f99      0x1a2 ./Drivers/STM32F1xx_HAL_Driver/Src/stm32f1xx_hal_cortex.o
 .debug_macro   0x000000000001613b      0x20d ./Drivers/STM32F1xx_HAL_Driver/Src/stm32f1xx_hal_gpio.o
 .debug_macro   0x0000000000016348      0x1b4 ./Drivers/STM32F1xx_HAL_Driver/Src/stm32f1xx_hal_rcc.o
 .debug_macro   0x00000000000164fc      0x1a2 ./Drivers/STM32F1xx_HAL_Driver/Src/stm32f1xx_hal_rcc_ex.o
 .debug_macro   0x000000000001669e      0x1aa ./Drivers/STM32F1xx_HAL_Driver/Src/stm32f1xx_hal_spi.o

.debug_line     0x0000000000000000     0x910a
 .debug_line    0x0000000000000000      0xdc3 ./Core/Src/main.o
 .debug_line    0x0000000000000dc3      0x88e ./Core/Src/stm32f1xx_hal_msp.o
 .debug_line    0x0000000000001651      0x8b2 ./Core/Src/stm32f1xx_it.o
 .debug_line    0x0000000000001f03      0x86e ./Core/Src/system_stm32f1xx.o
 .debug_line    0x0000000000002771       0x87 ./Core/Startup/startup_stm32f103cbux.o
 .debug_line    0x00000000000027f8      0xa9b ./Drivers/STM32F1xx_HAL_Driver/Src/stm32f1xx_hal.o
 .debug_line    0x0000000000003293     0x1112 ./Drivers/STM32F1xx_HAL_Driver/Src/stm32f1xx_hal_adc.o
 .debug_line    0x00000000000043a5      0xc83 ./Drivers/STM32F1xx_HAL_Driver/Src/stm32f1xx_hal_cortex.o
 .debug_line    0x0000000000005028      0xb32 ./Drivers/STM32F1xx_HAL_Driver/Src/stm32f1xx_hal_gpio.o
 .debug_line    0x0000000000005b5a      0xea9 ./Drivers/STM32F1xx_HAL_Driver/Src/stm32f1xx_hal_rcc.o
 .debug_line    0x0000000000006a03      0x9e7 ./Drivers/STM32F1xx_HAL_Driver/Src/stm32f1xx_hal_rcc_ex.o
 .debug_line    0x00000000000073ea     0x1d20 ./Drivers/STM32F1xx_HAL_Driver/Src/stm32f1xx_hal_spi.o

.debug_str      0x0000000000000000    0x82c40
 .debug_str     0x0000000000000000    0x81332 ./Core/Src/main.o
                                      0x8170e (size before relaxing)
 .debug_str     0x0000000000081332       0xb3 ./Core/Src/stm32f1xx_hal_msp.o
                                      0x80edc (size before relaxing)
 .debug_str     0x00000000000813e5       0xc9 ./Core/Src/stm32f1xx_it.o
                                      0x80942 (size before relaxing)
 .debug_str     0x00000000000814ae       0x7e ./Core/Src/system_stm32f1xx.o
                                      0x808f6 (size before relaxing)
 .debug_str     0x000000000008152c       0x36 ./Core/Startup/startup_stm32f103cbux.o
                                         0x6c (size before relaxing)
 .debug_str     0x0000000000081562      0x5fd ./Drivers/STM32F1xx_HAL_Driver/Src/stm32f1xx_hal.o
                                      0x81029 (size before relaxing)
 .debug_str     0x0000000000081b5f      0x364 ./Drivers/STM32F1xx_HAL_Driver/Src/stm32f1xx_hal_adc.o
                                      0x80fd3 (size before relaxing)
 .debug_str     0x0000000000081ec3      0x2bb ./Drivers/STM32F1xx_HAL_Driver/Src/stm32f1xx_hal_cortex.o
                                      0x80f75 (size before relaxing)
 .debug_str     0x000000000008217e      0x2e6 ./Drivers/STM32F1xx_HAL_Driver/Src/stm32f1xx_hal_gpio.o
                                      0x80c7c (size before relaxing)
 .debug_str     0x0000000000082464      0x229 ./Drivers/STM32F1xx_HAL_Driver/Src/stm32f1xx_hal_rcc.o
                                      0x80d25 (size before relaxing)
 .debug_str     0x000000000008268d       0x84 ./Drivers/STM32F1xx_HAL_Driver/Src/stm32f1xx_hal_rcc_ex.o
                                      0x80a75 (size before relaxing)
 .debug_str     0x0000000000082711      0x52f ./Drivers/STM32F1xx_HAL_Driver/Src/stm32f1xx_hal_spi.o
                                      0x81222 (size before relaxing)

.comment        0x0000000000000000       0x50
 .comment       0x0000000000000000       0x50 ./Core/Src/main.o
                                         0x51 (size before relaxing)
 .comment       0x0000000000000050       0x51 ./Core/Src/stm32f1xx_hal_msp.o
 .comment       0x0000000000000050       0x51 ./Core/Src/stm32f1xx_it.o
 .comment       0x0000000000000050       0x51 ./Core/Src/system_stm32f1xx.o
 .comment       0x0000000000000050       0x51 ./Drivers/STM32F1xx_HAL_Driver/Src/stm32f1xx_hal.o
 .comment       0x0000000000000050       0x51 ./Drivers/STM32F1xx_HAL_Driver/Src/stm32f1xx_hal_adc.o
 .comment       0x0000000000000050       0x51 ./Drivers/STM32F1xx_HAL_Driver/Src/stm32f1xx_hal_cortex.o
 .comment       0x0000000000000050       0x51 ./Drivers/STM32F1xx_HAL_Driver/Src/stm32f1xx_hal_gpio.o
 .comment       0x0000000000000050       0x51 ./Drivers/STM32F1xx_HAL_Driver/Src/stm32f1xx_hal_rcc.o
 .comment       0x0000000000000050       0x51 ./Drivers/STM32F1xx_HAL_Driver/Src/stm32f1xx_hal_rcc_ex.o
 .comment       0x0000000000000050       0x51 ./Drivers/STM32F1xx_HAL_Driver/Src/stm32f1xx_hal_spi.o

.debug_frame    0x0000000000000000     0x1ea8
 .debug_frame   0x0000000000000000      0x2dc ./Core/Src/main.o
 .debug_frame   0x00000000000002dc       0xc8 ./Core/Src/stm32f1xx_hal_msp.o
 .debug_frame   0x00000000000003a4      0x104 ./Core/Src/stm32f1xx_it.o
 .debug_frame   0x00000000000004a8       0x58 ./Core/Src/system_stm32f1xx.o
 .debug_frame   0x0000000000000500      0x334 ./Drivers/STM32F1xx_HAL_Driver/Src/stm32f1xx_hal.o
 .debug_frame   0x0000000000000834      0x40c ./Drivers/STM32F1xx_HAL_Driver/Src/stm32f1xx_hal_adc.o
 .debug_frame   0x0000000000000c40      0x428 ./Drivers/STM32F1xx_HAL_Driver/Src/stm32f1xx_hal_cortex.o
 .debug_frame   0x0000000000001068      0x14c ./Drivers/STM32F1xx_HAL_Driver/Src/stm32f1xx_hal_gpio.o
 .debug_frame   0x00000000000011b4      0x21c ./Drivers/STM32F1xx_HAL_Driver/Src/stm32f1xx_hal_rcc.o
 .debug_frame   0x00000000000013d0       0x84 ./Drivers/STM32F1xx_HAL_Driver/Src/stm32f1xx_hal_rcc_ex.o
 .debug_frame   0x0000000000001454      0x824 ./Drivers/STM32F1xx_HAL_Driver/Src/stm32f1xx_hal_spi.o
 .debug_frame   0x0000000000001c78       0x2c e:/installedsoftware/cubeide/stm32cubeide_1.10.1/stm32cubeide/plugins/com.st.stm32cube.ide.mcu.externaltools.gnu-tools-for-stm32.10.3-2021.10.win32_1.0.0.202111181127/tools/bin/../lib/gcc/arm-none-eabi/10.3.1/../../../../arm-none-eabi/lib/thumb/v7-m/nofp\libc_nano.a(lib_a-init.o)
 .debug_frame   0x0000000000001ca4       0x20 e:/installedsoftware/cubeide/stm32cubeide_1.10.1/stm32cubeide/plugins/com.st.stm32cube.ide.mcu.externaltools.gnu-tools-for-stm32.10.3-2021.10.win32_1.0.0.202111181127/tools/bin/../lib/gcc/arm-none-eabi/10.3.1/../../../../arm-none-eabi/lib/thumb/v7-m/nofp\libc_nano.a(lib_a-memset.o)
 .debug_frame   0x0000000000001cc4       0xac e:/installedsoftware/cubeide/stm32cubeide_1.10.1/stm32cubeide/plugins/com.st.stm32cube.ide.mcu.externaltools.gnu-tools-for-stm32.10.3-2021.10.win32_1.0.0.202111181127/tools/bin/../lib/gcc/arm-none-eabi/10.3.1/thumb/v7-m/nofp\libgcc.a(_arm_addsubdf3.o)
 .debug_frame   0x0000000000001d70       0x50 e:/installedsoftware/cubeide/stm32cubeide_1.10.1/stm32cubeide/plugins/com.st.stm32cube.ide.mcu.externaltools.gnu-tools-for-stm32.10.3-2021.10.win32_1.0.0.202111181127/tools/bin/../lib/gcc/arm-none-eabi/10.3.1/thumb/v7-m/nofp\libgcc.a(_arm_muldivdf3.o)
 .debug_frame   0x0000000000001dc0       0xc4 e:/installedsoftware/cubeide/stm32cubeide_1.10.1/stm32cubeide/plugins/com.st.stm32cube.ide.mcu.externaltools.gnu-tools-for-stm32.10.3-2021.10.win32_1.0.0.202111181127/tools/bin/../lib/gcc/arm-none-eabi/10.3.1/thumb/v7-m/nofp\libgcc.a(_arm_cmpdf2.o)
 .debug_frame   0x0000000000001e84       0x24 e:/installedsoftware/cubeide/stm32cubeide_1.10.1/stm32cubeide/plugins/com.st.stm32cube.ide.mcu.externaltools.gnu-tools-for-stm32.10.3-2021.10.win32_1.0.0.202111181127/tools/bin/../lib/gcc/arm-none-eabi/10.3.1/thumb/v7-m/nofp\libgcc.a(_arm_fixunsdfsi.o)
