../Core/Inc/NRF24l01.h:90:9:SPI_ReadWriteByte	32	static
../Core/Inc/NRF24l01.h:99:6:NRF24L01_SPI_Init	8	static
../Core/Inc/NRF24l01.h:109:6:NRF24L01_Init	40	static
../Core/Inc/NRF24l01.h:138:9:NRF24L01_Check	16	static
../Core/Inc/NRF24l01.h:152:9:NRF24L01_Write_Reg	24	static
../Core/Inc/NRF24l01.h:163:9:NRF24L01_Read_Reg	24	static
../Core/Inc/NRF24l01.h:177:9:NRF24L01_Read_Buf	32	static
../Core/Inc/NRF24l01.h:191:9:NRF24L01_Write_Buf	24	static
../Core/Inc/NRF24l01.h:203:9:NRF24L01_TxPacket	24	static
../Core/Inc/NRF24l01.h:226:9:NRF24L01_RxPacket	24	static
../Core/Inc/NRF24l01.h:242:6:NRF24L01_RX_Mode	8	static
../Core/Inc/NRF24l01.h:260:6:NRF24L01_TX_Mode	8	static
../Core/Src/main.c:64:10:getADCValue	32	static
../Core/Src/main.c:80:10:Get_Adc_Average	24	static
../Core/Src/main.c:100:6:pubMessage	40	static
../Core/Src/main.c:153:5:main	8	static
../Core/Src/main.c:202:6:SystemClock_Config	88	static
../Core/Src/main.c:249:13:MX_ADC1_Init	24	static
../Core/Src/main.c:296:13:MX_SPI1_Init	8	static
../Core/Src/main.c:334:13:MX_GPIO_Init	40	static
../Core/Src/main.c:374:6:Error_Handler	4	static,ignoring_inline_asm
