../Core/Src/main.c:175:8:blink2	24	static
../Core/Inc/NRF24l01.h:92:6:blink_fast	24	static
../Core/Inc/NRF24l01.h:105:9:SPI_ReadWriteByte	32	static
../Core/Inc/NRF24l01.h:151:9:NRF24L01_Write_Reg	16	static
../Core/Inc/NRF24l01.h:162:9:NRF24L01_Read_Reg	8	static
../Core/Inc/NRF24l01.h:176:9:NRF24L01_Read_Buf	24	static
../Core/Inc/NRF24l01.h:190:9:NRF24L01_Write_Buf	24	static
../Core/Inc/NRF24l01.h:137:9:NRF24L01_Check	16	static
../Core/Inc/NRF24l01.h:202:9:NRF24L01_TxPacket	8	static
../Core/Inc/NRF24l01.h:225:9:NRF24L01_RxPacket	16	static
../Core/Inc/NRF24l01.h:241:6:NRF24L01_RX_Mode	8	static
../Core/Inc/NRF24l01.h:259:6:NRF24L01_TX_Mode	8	static
../Core/Src/main.c:462:6:Error_Handler	8	static,ignoring_inline_asm
../Core/Inc/NRF24l01.h:114:6:NRF24L01_SPI_Init	8	static
../Core/Inc/NRF24l01.h:127:6:NRF24L01_Init	8	static
../Core/Src/main.c:67:10:getADCValue	24	static
../Core/Src/main.c:83:10:Get_Adc_Average	24	static
../Core/Src/main.c:103:6:pubMessage	72	static
../Core/Src/main.c:273:6:SystemClock_Config	88	static
../Core/Src/main.c:162:5:main	40	static
